// Jest Snapshot v1, https://goo.gl/fbAQLP

exports[`PoseOfTheDay renders correctly 1`] = `
<DocumentFragment>
  <div
    class="page-content__container"
  >
    <div
      class="pose__container"
    >
      <div
        class="pose-of-the-day"
      >
        <h2>
          Pose Of The Day
        </h2>
      </div>
      <div
        class="pose__image"
      >
        <img
          alt="yoga pose of the day"
        />
      </div>
    </div>
    <div
      class="pose-description__container"
    >
      <p>
        Yoga is a holistic practice that originated in ancient India and encompases physical postures, breathing exercises, meditation, and ethical principles. It is a discipline aimed at promoting physical, mental, and spiritual well-being. Through the practice of yoga, individuals can improve flexibility, strength, and balance, while also reducing stress, enhancing mental clarity and fostering a sense of inner peace. Whether you are a beginner yogi or an aspiring yoga teacher, you can explore a variety of yoga poses by using the Yogipedia app.
      </p>
    </div>
  </div>
</DocumentFragment>
`;
